pwd
/home/runner/Test3Session2
 gcc -g p1final.c
 ./a.out
enter the numerator of first fraction
5
enter the denominator of first fraction
10
enter the numerator of second fraction
12
enter the denominator of second fraction
30
the sum of 2 fractions is 9/10
 gdb a.out
GNU gdb (Ubuntu 8.1.1-0ubuntu1) 8.1.1
Copyright (C) 2018 Free Software Foundation, Inc.
License GPLv3+: GNU GPL version 3 or later <http://gnu.org/licenses/gpl.html>
This is free software: you are free to change and redistribute it.
There is NO WARRANTY, to the extent permitted by law.  Type "show copying"
and "show warranty" for details.
This GDB was configured as "x86_64-linux-gnu".
Type "show configuration" for configuration details.
For bug reporting instructions, please see:
<http://www.gnu.org/software/gdb/bugs/>.
Find the GDB manual and other documentation resources online at:
<http://www.gnu.org/software/gdb/documentation/>.
For help, type "help".
Type "apropos word" to search for commands related to "word"...
Reading symbols from a.out...done.
(gdb) b main
Breakpoint 1 at 0x901: file p1final.c, line 39.
(gdb) r
Starting program: /home/runner/Test3Session2/a.out 
warning: Error disabling address space randomization: Operation not permitted

Breakpoint 1, main () at p1final.c:39
39  {
(gdb) n
41    input(&num1,&den1,&num2,&den2);
(gdb) s
input (num1=0x7ffe57062c90, den1=0x7ffe57062c94, num2=0x7ffe57062c98, 
    den2=0x7ffe57062c9c) at p1final.c:4
4     printf("enter the numerator of first fraction\n");
(gdb) n
enter the numerator of first fraction
5     scanf("%d",num1);
(gdb) n
 
n
6     printf("enter the denominator of first fraction\n");
(gdb) n
enter the denominator of first fraction
7     scanf("%d",den1);
(gdb) n
8     printf("enter the numerator of second fraction\n");
(gdb) n
enter the numerator of second fraction
9     scanf("%d",num2);
(gdb) n
10    printf("enter the denominator of second fraction\n");
(gdb) n
enter the denominator of second fraction
11    scanf("%d",den2);
(gdb) n
12  }
(gdb) c
Continuing.
the sum of 2 fractions is 139191008/478078225
[Inferior 1 (process 956) exited normally]
(gdb) 
